Microsoft Windows [Version 10.0.19042.985]
(c) Корпорация Майкрософт (Microsoft Corporation). Все права защищены.

C:\Users\Михаил>CREATE DATABASE example;
"CREATE" не является внутренней или внешней
командой, исполняемой программой или пакетным файлом.

C:\Users\Михаил>mysql
Welcome to the MySQL monitor.  Commands end with ; or \g.
Your MySQL connection id is 13
Server version: 8.0.26 MySQL Community Server - GPL

Copyright (c) 2000, 2021, Oracle and/or its affiliates.

Oracle is a registered trademark of Oracle Corporation and/or its
affiliates. Other names may be trademarks of their respective
owners.

Type 'help;' or '\h' for help. Type '\c' to clear the current input statement.

mysql> CREATE DATABASE example;
Query OK, 1 row affected (0.01 sec)

mysql> USE example;
Database changed
mysql> CREATE TABLE users ( name VARCHAR(100), id INT(6) );
Query OK, 0 rows affected, 1 warning (0.02 sec)

mysql> SHOW TABLES
    -> ;
+-------------------+
| Tables_in_example |
+-------------------+
| users             |
+-------------------+
1 row in set (0.00 sec)
mysql> CREATE DATABASE sample;
Query OK, 1 row affected (0.01 sec)

mysql> SHOW DATABASES;
+--------------------+
| Database           |
+--------------------+
| example            |
| information_schema |
| mysql              |
| performance_schema |
| sample             |
| sys                |
+--------------------+
6 rows in set (0.00 sec)

mysql> exit
Bye
PS C:\Users\Михаил> get-content example.sql | mysql -u root -p sample
Enter password: ********
ERROR 1064 (42000) at line 1: You have an error in your SQL syntax; check the manual that corresponds to your MySQL server version for the right syntax to use near 'Usage: mysqldump [OPTIONS] database [tables]
OR     mysqldump [OPTIONS] --databa' at line 1

mysql> USE sample;
Database changed
mysql> SHOW TABLES;
Empty set (0.00 sec)